' функция возвращает идентификатор типового насоса по значению
' номинального дебита
Public Function ESP_id_by_rate(Q As Double)
' возвращает ID в зависимости от диапазона дебитов
' насосы подобраны вручную из текущей базы
' функция нужна для удобства использования
' непосредственно в Excel для тестовых заданий и учебных примеров
    If Q > 0 And Q < 20 Then ESP_id_by_rate = 738: ' ВНН5-15
    If Q >= 20 And Q < 40 Then ESP_id_by_rate = 740: ' ВНН5-30
    If Q >= 40 And Q < 60 Then ESP_id_by_rate = 1005: ' ВНН5-50
    If Q >= 60 And Q < 100 Then ESP_id_by_rate = 1006: ' ВНН5-80
    If Q >= 100 And Q < 150 Then ESP_id_by_rate = 737: ' ВНН5-125
    If Q >= 150 And Q < 250 Then ESP_id_by_rate = 1010: ' ЭЦН5A-200
    If Q >= 250 And Q < 350 Then ESP_id_by_rate = 1033: ' ЭЦН5A-320Э
    If Q >= 350 And Q < 600 Then ESP_id_by_rate = 753: ' ВНН5А-500
    If Q >= 600 And Q < 800 Then ESP_id_by_rate = 754: ' ВНН5А-700
    If Q >= 800 And Q < 1200 Then ESP_id_by_rate = 755: ' ВНН6-1000
    If Q > 1200 Then ESP_id_by_rate = 264
End Function
