' функция расчета КПД двигателя
Public Function motor_Eff_d(ByVal Pshaft_kW As Double, _
                Optional ByVal freq_Hz As Double = 50, _
                Optional ByVal U_V As Double = -1, _
                Optional ByVal Unom_V As Double = 500, _
                Optional ByVal Inom_A As Double = 10, _
                Optional ByVal Fnom_Hz As Double = 50, _
                Optional ByVal motorID As Integer = 0) As Double
' Pshaft_kW     - мощность развиваемая двигателем на валу
' опциональные параметры
'   freq_Hz     - частота вращения внешнего поля
'   U_V         - напряжение рабочее, линейное, В
'   Unom_V      - номинальное напряжение питания двигателя, линейное, В
'   Inom_A      - номинальный ток двигателя, линейный, А
'   fnom_Hz     - номинальная частота вращения поля, Гц
'   motorID     - тип двигателя 0 - задается по схеме замещения,
'                               1 - задается по каталожным кривым
' выход
'   результат   - КПД преобразования электрической мощности
'                 в механическую
