' функция кодирования параметров конструкции скважины
' в строку, которую можно потом использовать
Public Function well_encode_string( _
                Optional ByVal hperf_m As Double = 2000, _
                Optional ByVal hpump_m As Double = 1800, _
                Optional ByVal udl_m As Double = 0, _
                Optional ByVal d_cas_mm As Double = 150, _
                Optional ByVal dtub_mm As Double = 72, _
                Optional ByVal dchoke_mm As Double = 15, _
                Optional ByVal roughness_m As Double = 0.0001, _
                Optional ByVal tbh_C As Double = 85, _
                Optional ByVal twh_C As Double = 25)
' hperf_m       - измеренная глубина верхних дыр перфорации
'                 глубина пласта на которой рассчитывается
'                 забойное давление
' hpump_m       - измеренная глубина спуска насоса
' udl_m         - удлинение
'                 разница между измеренной и вертикальной
'                 глубиной пласта
' d_cas_mm       - внутренний диаметр эксплуатационной колонны
' dtub_mm       - внешний диаметр НКТ
' dchoke_mm     - диаметр штуцера
' roughness_m   - шероховатость стенок НКТ и ЭК
' tbh_C         - температура флюида на забое скважины
' twh_C         - температура флюида на устье скважины
'                 по умолчанию температурный расчет идет
'                 такие образом, что температура флюида меняется
'                 линейно относительно вертикальной глубины
' результат     - строка с закодированными параметрами
