'Поиск пересечений для кривых заданных таблицами.
'Используется линейная интерполяция.
'Возможно несколько решений.
Public Function crv_fit_spline_1D(XA As Variant, _
                            YA As Variant, _
                            M As Long, _
                   Optional XIA As Variant, _
                   Optional WA As Variant, _
                   Optional XCA As Variant, _
                   Optional YCA As Variant, _
                   Optional DCA As Variant, _
                   Optional hermite As Boolean = False)
' XA    - x значения исходных данных (строка значений или массив)
' YA    - y значения исходных данных (столбец значений или массив)
' М     - количество точек для сплайна интерполяции
'         должно быть четное для hermite = True
' XIA   - таблица выходных значений
'         столбц значений (x) или массив. значения в возрастающем порядке
'         если не заданы возвращаются кубические коэффициента для каждого сегмента
' WA    - веса исходных данных
' XCA   - х значения матрицы ограничений (столбец или массив)
' YCA   - величина ограничения для заданного значения (столбец или массив)
' DCA   - тип ограничения. 0 - значение, 1 - наклон. (столбец или массив).
'         если хоть одно из ограничений не задано - они не учитываются
' результат
'          значение функции для заданного XIA
