' функция поиска значения функции по двумерным табличным данным (интерполяция 2D)
Function crv_interpolation_2D(XA As Variant, _
                              YA As Variant, _
                              FA As Variant, _
                     Optional XYIA As Variant, _
                     Optional out As Long = 1, _
                     Optional ByVal type_interpolation As Integer = 0) As Variant
' XA    - x значения исходных данных (строка значений или массив)
' YA    - y значения исходных данных (столбец значений или массив)
' FA    - табличные значения интерполируемой функции,
'         двумерная таблица или массив
' XYIA  - таблица значений для которой надо найти результат
'         два столбца значений (x,y) или массив с двумя колонками
'         если не заданы возвращаются кубические коэффициента для каждого сегмента
' out   - для интерполяции кубическими сплайнами
'           out = 0 возвращаются только значения
'           out = 1 возвращаются значения и производные
' type_interpolation - тип интерполяции
'                    0 - линейная интерполяция
'                    1 - кубическая интерполяция
' результат
'             значение функции для заданного XYIA
