'Аппроксимация данных полиномом функцией.
'Решается задача min|XM-Y| ищется вектор M
Public Function crv_fit_poly(YA As Variant, _
                           xa As Variant, _
                           M As Long, _
                   Optional out As Long = 0, _
                   Optional XIA As Variant, _
                   Optional weight, _
                   Optional constraints)
' YA    - Y вектор исходных данных [0..N-1] (столбец или массив)
' XA    - Х вектор исходных данных [0..N-1] (таблица или массив)
' M     - степень полинома для аппроксимации
' out   - тип вывода, out=0 (по умолчанию) значения полинома для XIA,
'      out=1 код ошибки аппроксимации
'      out=2 отчет по подбору аппроксимации, AvgError, AvgRelError, MaxError, RMSError, TaskRCond.
' XIA   - Х вектор значений для расчета аппроксимации [0..D-1]
' weight   - вектор весов [0..N-1] для каждого параметра исходных данных
' constraints - матрица ограничений С[0..K-1,0..2]. С[i,0] - значение x где задано ограничение
'           С[i,1] - велична ограничения, С[i,2] - тип ограничения (0 -значение,1 -производная)
' результат
'          вектор YIA значений полинома для XIA
