' функция возвращает идентификатор типового насоса по значению
' номинального дебита
Public Function ESP_id_by_rate(q As Double)
' возвращает ID в зависимости от диапазона дебитов
' насосы подобраны вручную из текущей базы
' функция нужна для удобства использования
' непосредственно в Excel для тестовых заданий и учебных примеров
    If q > 0 And q < 20 Then ESP_id_by_rate = 738: ' ЭЦН5-15
    If q >= 20 And q < 40 Then ESP_id_by_rate = 740: ' ЭЦН5-30
    If q >= 40 And q < 60 Then ESP_id_by_rate = 1005: ' ЭЦН5-50
    If q >= 60 And q < 100 Then ESP_id_by_rate = 1006: ' ЭЦН5-80
    If q >= 100 And q < 150 Then ESP_id_by_rate = 737: ' ЭЦН5-125
    If q >= 150 And q < 250 Then ESP_id_by_rate = 748: ' ЭЦН5A-200
    If q >= 250 And q < 350 Then ESP_id_by_rate = 750: ' ЭЦН5A-320Э
    If q >= 350 And q < 600 Then ESP_id_by_rate = 753: ' ЭЦН5А-500
    If q >= 600 And q < 800 Then ESP_id_by_rate = 754: ' ЭЦН5А-700
    If q >= 800 And q < 1200 Then ESP_id_by_rate = 755: ' ЭЦН6-1000
    If q > 1200 Then ESP_id_by_rate = 758
End Function
