' расчет коэффициента сепарации газосепаратора
' по результатам стендовых испытаний РГУ нефти и газа
Public Function ESP_ksep_gasseparator_d( _
                ByVal gsep_type_TYPE As Integer, _
                ByVal gas_frac_d As Double, _
                ByVal qliq_sm3day As Double, _
       Optional ByVal freq_Hz As Double = 50) As Double
' MY_SEPFACTOR - Вычисление коэффициента сепрации в точке
'   gsep_type_TYPE    - тип сепаратора (номер от 1 до 29)
'    1  - 'GDNK5'
'    2  - 'VGSA (VORTEX)'
'    3  - 'GDNK5A'
'    4  - 'GSA5-1'
'    5  - 'GSA5-3'
'    6  - 'GSA5-4'
'    7  - 'GSAN-5A'
'    8  - 'GSD-5A'
'    9  - 'GSD5'
'    10 - '3MNGB5'
'    11 - '3MNGB5A'
'    12 - '3MNGDB5'
'    13 - '3MNGDB5A'
'    14 - 'MNGSL5A-M'
'    15 - 'MNGSL5A-TM'
'    16 - 'MNGSL5-M'
'    17 - 'MNGSL5-TM'
'    18 - 'MNGSLM 5'
'    19 - 'MNGD 5'
'    20 - 'GSIK 5A'
'    21 - '338DSR'
'    22 - '400GSR'
'    23 - '400GSV'
'    24 - '400GSVHV'
'    25 - '538 GSR'
'    26 - '538 GSVHV'
'    27 - '400FSR(OLD)'
'    28 - '513GRS(OLD)'
'    29 - '675HRS'
'
'   gas_frac_d       - газосодержание на входе в газосепаратор
'   qliq_sm3day      - дебит жидкости в стандартных условиях
'   freq_Hz          - частота врашения, Гц
