'Функция расчета давления закрытия газлифтного клапана R1
Public Function GLV_IPO_p_close(ByVal p_bellow_atma As Double, _
                              ByVal p_out_atma As Double, _
                              ByVal t_C As Double, _
                 Optional ByVal GLV_type As Integer = 0, _
                 Optional ByVal d_port_mm As Double = 5, _
                 Optional ByVal d_vkr1_mm As Double = -1, _
                 Optional ByVal d_vkr2_mm As Double = -1, _
                 Optional ByVal d_vkr3_mm As Double = -1, _
                 Optional ByVal d_vkr4_mm As Double = -1)
' p_bellow_atma - давление зарядки сильфона на стенде, атма
' p_out_atma    - давление на выходе клапана (НКТ), атма
' t_C           - температура клапана в рабочих условиях, С
' GLV_type      - тип газлифтного клапана (сейчас только R1)
' d_port_mm     - диаметр порта клапана
' d_vkr1_mm     - диаметр вкрутки 1, если есть
' d_vkr2_mm     - диаметр вкрутки 2, если есть
' d_vkr3_mm     - диаметр вкрутки 3, если есть
' d_vkr4_mm     - диаметр вкрутки 4, если есть
