' функция расчета давления на входе или на выходе
' газлифтного клапана (простого) при закачке газа.
' результат массив значений и подписей
Public Function GLV_p_vkr_atma(ByVal d_port_mm As Double, _
                               ByVal d_vkr_mm As Double, _
                               ByVal p_calc_atma As Double, _
                               ByVal q_gas_sm3day As Double, _
                     Optional ByVal gamma_g As Double = 0.6, _
                     Optional ByVal t_C As Double = 25, _
                     Optional ByVal calc_along_flow As Boolean = False)
' d_port_mm     - диаметр порта клапана, мм
' d_vkr_mm      - диаметр вкрутки клапана, мм
' p_calc_atma   - давление на входе (выходе) клапана, атма
' q_gas_sm3day  - расход газа, ст. м3/сут
' gamma_g       - удельная плотность газа
' t_C           - температура в точке установки клапана
' calc_along_flow - направление расчета:
'              0 - против потока (расчет давления на входе);
'              1 - по потоку (расчет давления на выходе).
