' расчет корректирующего фактора (множителя) модели штуцера под замеры
Public Function MF_calibr_choke_fr( _
            ByVal qliq_sm3day As Double, _
            ByVal fw_perc As Double, _
            ByVal dchoke_mm As Double, _
            Optional ByVal p_in_atma As Double = -1, _
            Optional ByVal p_out_atma As Double = -1, _
            Optional ByVal d_pipe_mm As Double = 70, _
            Optional ByVal t_choke_C As Double = 20, _
            Optional ByVal str_PVT As String = PVT_DEFAULT)
' qliq_sm3day    - дебит жидкости в пов условиях
' fw_perc       - обводненность
' dchoke_mm     - диаметр штуцера (эффективный)
' p_in_atma      - давление на входе (высокой стороне)
' p_out_atma     - давление на выходе (низкой стороне)
' d_pipe_mm      - диаметр трубы до и после штуцера
' t_choke_C      - температура, С.
' str_PVT        - закодированная строка с параметрами PVT.
'                 если задана - перекрывает другие значения
' результат     - число - калибровочный коэффициент для модели.
'                 штуцера  - множитель на дебит через штуцер
