'расчет градиента давления
'с использованием многофазных корреляций
Public Function MF_dpdl_atmm(ByVal d_m As Double, _
             ByVal p_atma As Double, _
             ByVal Ql_rc_m3day As Double, _
             ByVal Qg_rc_m3day As Double, _
    Optional ByVal Muo_cP As Double = const_mu_o, _
    Optional ByVal Mug_cP As Double = const_mu_g, _
    Optional ByVal sigma_o_Nm As Double = const_sigma_oil_Nm, _
    Optional ByVal gamma_oil As Double = const_go_, _
    Optional ByVal gamma_gas As Double = const_gg_, _
    Optional ByVal eps_m As Double = 0.0001, _
    Optional ByVal theta_deg As Double = 90, _
    Optional ByVal ZNLF As Boolean = False)
' расчет градиента давления по одной из корреляций
' объемные коэффициенты по умолчанию
' заданы равными единицам - если их не трогать,
' значит дебиты в рабочих условиях
' газосодержание равно нулю по умолчанию
'  - значит весь газ который указан идет в потоке
' пока только для Ансари - потом можно
' распространить и на другие методы
' d_m - диаметр трубы в которой идет поток
' p_atma - давление в точке расчета
' Ql_rc_m3day - дебит жидкости в рабочих условиях
' Qg_rc_m3day - дебит газа в рабочих условиях
' Muo_cP - вязкость нефти в рабочих условиях
' Mug_cP - вязкость газа в рабочих условиях
' sigma_o_Nm - поверхностное натяжение
'              жидкость газ
' gamma_oil - удельная плотность нефти
' gamma_gas - удельная плотность газа
' eps_m    - шероховатость
' theta_deg - угол от горизонтали
' ZNLF  - флаг для расчета барботажа
