'  расчет перепада давления и распределения температуры в трубе
'  с использованием многофазных корреляций
Public Function MF_dPpipe_atm(ByVal Q_m3Day As Double, _
                                ByVal fw_perc As Double, _
                                ByVal Hmes0_m As Double, _
                                ByVal Hmes1_m As Double, _
                                ByVal Pcalc_atma As Double, _
                                Optional ByVal PVTstr As String = PVT_DEFAULT, _
                                Optional ByVal theta_deg As Double = 90, _
                                Optional ByVal d_mm As Double = 60, _
                                Optional ByVal HydrCorr As H_CORRELATION = 0, _
                                Optional ByVal Tcalc_C As Double = 50, _
                                Optional ByVal Tother_C As Double = -1, _
                                Optional ByVal betta_grav = 1, _
                                Optional ByVal betta_fric = 1, _
                                Optional ByVal roughness_m As Double = 0.0001)
'
' Обязательные параметры
' Q_m3Day       - дебит жидкости в поверхностных условиях
' fw_perc       - обводненность
' Hmes0_m       - начальная координата трубы, м
' Hmes1_m       - конечная координата трубы, м
'                 расчет всегда ведется от начальной координаты к
'                 конечной. если Hmes0_m < Hmes1_m то расчет
'                 идет сверху вниз для вертикальной трубы
'                 иначе расчет идет снизу вверх
' Pcalc_atma    - давление с которого начинается расчет, атм
'                 граничное значение для проведения расчета
' Необязательные параметры
' стандартные набор PVT параметров
' PVTstr    закодированная строка с параметрами PVT.
'           если задана - перекрывает другие значения
' theta_deg     - угол направления потока к горизонтали
'                 (90 - вертикальная труба вверх)
'                 может принимать отрицательные значения
' d_mm          - внутрнний диаметр трубы
' HydrCorr      - гидравлическая корреляция, H_CORRELATION
'                   BeggsBriilCor = 0
'                   AnsariCor = 1
'                   UnifiedCor = 2
'                   Gray = 3
'                   HagedornBrown = 4
'                   SakharovMokhov = 5
' Tcalc_C       - температура в точке где задано давление, С
' Tother_C      - температура на другом конце трубы
'                 по умолчанию температура вдоль трубы постоянна
'                 если задано то меняется линейно по трубе
' betta_grav    - поправка на гравитационную составляющую перепада давления
' betta_fric    - поправка на трение в перепаде давления
' roughness_m   - шероховатость трубы
' выходное значение - число - перепад давления в трубе.
