'  расчет распределения давления и температуры в трубопроводе
'  с использованием многофазных корреляций
Public Function MF_p_pipeline_atma( _
                 ByVal qliq_sm3day As Double, _
                 ByVal fw_perc As Double, _
                 ByVal h_list_m As Variant, _
                 ByVal p_calc_from_atma As Double, _
        Optional ByVal t_calc_from_C As Double = 50, _
        Optional ByVal calc_along_coord As Boolean = False, _
        Optional ByVal flow_along_coord As Boolean = False, _
        Optional ByVal str_PVT As String = PVT_DEFAULT, _
        Optional ByVal diam_list_mm As Variant, _
        Optional ByVal hydr_corr As H_CORRELATION = 0, _
        Optional ByVal temp_C As Variant, _
        Optional ByVal temp_method As TEMP_CALC_METHOD = StartEndTemp, _
        Optional ByVal c_calibr_grav = 1, _
        Optional ByVal c_calibr_fric = 1, _
        Optional ByVal roughness_m As Double = 0.0001, _
        Optional ByVal q_gas_sm3day As Double = 0)
' Обязательные параметры
' qliq_sm3day - дебит жидкости в поверхностных условиях
'              если qliq_sm3day =0 и q_gas_sm3day > 0
'              тогда считается барботаж газа через жидкость
' fw_perc     - обводненность
' h_list_m    - траектория трубы. range или таблица [0..N,0..1]
' calc_along_coord - флаг направления расчета относительно потока
'     если = 1 то расчет по потоку
'     если = 0 то расчет против потока
' p_calc_from_atma  - давление с которого начинается расчет, атм
'               граничное значение для проведения расчета
' Необязательные параметры
' стандартные набор PVT параметров
' str_PVT     - закодированная строка с параметрами PVT.
'               если задана - перекрывает другие значения
'        если задан флаг gas_only = 1 то жидкость не учитывается
' d_mm        - внутрнний диаметр трубы
' hydr_corr   - гидравлическая корреляция, H_CORRELATION
'                  BeggsBrill = 0
'                  Ansari = 1
'                  Unified = 2
'                  Gray = 3
'                  HagedornBrown = 4
'                  SakharovMokhov = 5
' t_calc_C    - температура в точке где задано давление, С
' t_other_C   - температура на другом конце трубы
'               по умолчанию температура вдоль трубы постоянна
'               если задано то меняется линейно по трубе
' c_calibr_grav - поправка на гравитационную составляющую
'               перепада давления
' c_calibr_fric - поправка на трение в перепаде давления
' roughness_m  - шероховатость трубы
' q_gas_sm3day - свободный газ поступающие в трубу.
' результат    - число - давление на другом конце трубы atma.
