' расчет давления в штуцере
Public Function MF_PChoke_atma( _
            ByVal Qliq_sm3day As Double, _
            ByVal fw_perc As Double, _
            ByVal dChoke_mm As Double, _
            ByVal Pin_atma As Double, _
            ByVal Pout_atma As Double, _
            Optional ByVal dPipe_mm As Double = 70, _
            Optional ByVal Tchoke_C As Double = 20, _
            Optional ByVal Calc_from_Pin As Boolean = True, _
            Optional ByVal PVTstr As String = PVT_DEFAULT _
            )
' Qliq_sm3day    - дебит жидкости в пов условиях
' fw_perc       - обводненность
' dChoke_mm     - диаметр штуцера (эффективный)
' Pin_atma      - давление на входе (высокой стороне)
' Pout_atma     - давление на выходе (низкой стороне)
'                 в расчету учитывается только одно значение
'                 либо давление на входе, либое на выходе
'                 в зависимости от значения Calc_from_Pin
' опциональные аргументы функции
' dPipe_mm      - диаметр трубы до и после штуцера
' Tchoke_C      - температура, С.
' Calc_from_Pin - показывает направление расчета штуцера
'                 Calc_from_Pin = True - расчет от Pin_atma
'                 Calc_from_Pin = False - расчет от Pout_atma
' PVTstr        - закодированная строка с параметрами PVT.
'                 если задана - перекрывает другие значения
' результат     - число - давления на штуцере на расчетной стороне.
