 ' функция расчета дебита жидкости через штуцер
 ' при заданном входном и выходном давлениях
Public Function MF_qliq_choke_sm3day( _
        ByVal fw_perc As Double, _
        ByVal dchoke_mm As Double, _
        ByVal p_in_atma As Double, _
        ByVal p_out_atma As Double, _
        Optional ByVal d_pipe_mm As Double = 70, _
        Optional ByVal tchoke_C = 20, _
        Optional ByVal c_calibr_fr As Double = 1, _
        Optional ByVal str_PVT As String = PVT_DEFAULT)
' fw_perc      - обводненность
' dchoke_mm    - диаметр штуцера (эффективный)
' p_in_atma     - давление на входе (высокой стороне)
' p_out_atma    - давление на выходе (низкой стороне)
' опциональные аргументы функции
' d_pipe_mm      - диаметр трубы до и после штуцера
' Tchoke_C      - температура, С.
' c_calibr_fr       - поправочный коэффициент на штуцер
'                 1 - отсутсвие поправки (по умолчанию)
'                 Q_choke_real = c_calibr_fr * Q_choke_model
' str_PVT        - закодированная строка с параметрами PVT.
'                 если задана - перекрывает другие значения
