 ' функция расчета дебита жидкости через штуцер
 ' при заданном входном и выходном давлениях
Public Function MF_QliqChoke_sm3day( _
        ByVal fw_perc As Double, _
        ByVal dchoke_mm As Double, _
        ByVal Pin_atma As Double, _
        ByVal Pout_atma As Double, _
        Optional ByVal dPipe_mm As Double = 70, _
        Optional ByVal Tchoke_C = 20, _
        Optional ByVal cfChoke As Double = 0, _
        Optional ByVal PVTstr As String = PVT_DEFAULT)
' fw_perc      - обводненность
' dchoke_mm    - диаметр штуцера (эффективный)
' Pin_atma     - давление на входе (высокой стороне)
' Pout_atma    - давление на выходе (низкой стороне)
' опциональные аргументы функции
' dPipe_mm      - диаметр трубы до и после штуцера
' Tchoke_C      - температура, С.
' cfChoke       - поправочный коэффициент на штуцер
'                 0 - отсутсвие поправки
'                 dPchoke_real = (1-cfChoke)*dPchoke_model
' PVTstr        - закодированная строка с параметрами PVT.
'                 если задана - перекрывает другие значения
