' Расчет неустановившегося решения уравнения фильтрации
' для различных моделей радиального притока к вертикльной скважине
' основано не решениях в пространстве Лапласа и преобразовании Стефеста
Function transient_pd_radial(ByVal td As Double, _
                    Optional ByVal cd As Double = 0, _
                    Optional ByVal skin As Double = 0, _
                    Optional ByVal rd As Double = 1, _
                    Optional model As Integer = 0)
' td         - безразмерное время для которого проводится расчет
' сd         - безразмерный коэффициент влияния ствола скважины
' skin       - скин-фактор, безразмерный skin>0.
'              для skin<0 используйте эффективный радиус скважины
' rd         - безразмерное расстояние для которого проводится расчет
'              rd=1 соответвует забою скважины
' model      - модель проведения расчета. 0 - модель линейного стока Ei
'              1 - модель линейного стока через преобразование Стефеста
'              2 - конечный радиус скважины
'              3 - линейный сток со скином и послепритоком
'              4 - конечный радиус скважины со скином и послепритоком
' результат - безразмерное давление pd
